"","Model","Area","p.value","binorm.area"
"1","Model  1",0.777777777777778,0.187912543744349,NA
